{'uri': 'neo4j+s://bc6ee5c2.databases.neo4j.io', 'user': 'neo4j', 'pw': 'SK6pwzcC0Yl99uRsgaffqdC7Qi5wKpdaWH8fVsLYWrE', 'newpw': 'bc6-truck-cat-hill'}{'uri': 'neo4j+s://0c10aaca.databases.neo4j.io', 'user': 'neo4j', 'pw': 'RpZkeGO1R04Lcrjf1RSk4t_XObwrxgJxRca7uqP5w6o', 'newpw': '0c1-sun-bedroom-mud'}{'uri': 'neo4j+s://e17ba2a1.databases.neo4j.io', 'user': 'neo4j', 'pw': '5_0qSkFqyyiCQiMk3KfrQfTyStvCq5EzGhFi6amoesI', 'newpw': 'e17-notebook-lake'}{'uri': 'neo4j+s://f1205df8.databases.neo4j.io', 'user': 'neo4j', 'pw': 'wWtYNQyX4jW1vEDwQ75GVT8j3zegR1LdCyjy6TALjGk', 'newpw': 'f12-canyon-novel-moon'}{'uri': 'neo4j+s://57de96f3.databases.neo4j.io', 'user': 'neo4j', 'pw': 'Fzqt-Ic0DFungxkrdDv4oS7pMaaCWcaAna3ccB7QQds', 'newpw': '57d-silt-strawberry'}{'uri': 'neo4j+s://bc02a967.databases.neo4j.io', 'user': 'neo4j', 'pw': '3bwUTgeePdvv_jlNFc1ppu6jXTfS-Ul38qi5TjjHMbs', 'newpw': 'bc0-tree-grass'}{'uri': 'neo4j+s://690cd712.databases.neo4j.io', 'user': 'neo4j', 'pw': 'uBA2_2lQB2-VSTVVthYqLHqOs8wQlyjtBAJVJLzM7fo', 'newpw': '690-bird-motorcycle'}{'uri': 'neo4j+s://b11425d9.databases.neo4j.io', 'user': 'neo4j', 'pw': 'zqZyxI2ZRY3zq4O3t53agXX5prUebDOewpxHmiIMYKI', 'newpw': 'b11-turtle-diary'}{'uri': 'neo4j+s://ec6f5048.databases.neo4j.io', 'user': 'neo4j', 'pw': 'IwfifwdjjcGMW5RYE8hb_lciD7FW3q9fBBA2it7cFJU', 'newpw': 'ec6-cloud-branch'}{'uri': 'neo4j+s://871ecc75.databases.neo4j.io', 'user': 'neo4j', 'pw': 'hV096yO0Hc9UM4FkvR6MpR-z8vsM12gnWfrtRbMouLg', 'newpw': '871-wind-carrot-apartment'}{'uri': 'neo4j+s://126848dd.databases.neo4j.io', 'user': 'neo4j', 'pw': 'bMLuySbrFqu6D1ISiGMrBG9ufcmJxuOgcOrr_3mLwcs', 'newpw': '126-broccoli-cat'}{'uri': 'neo4j+s://715ed1a5.databases.neo4j.io', 'user': 'neo4j', 'pw': 'g9fNQIjCCOJzoYUaIqeKEmO0DX4KRKUd1bJnN9DZhu8', 'newpw': '715-grape-branch'}{'uri': 'neo4j+s://c713aeac.databases.neo4j.io', 'user': 'neo4j', 'pw': 'wtVR49cJdC3LMnuD0Pjq5lL-dmlh-a3AZou3aKbJU0M', 'newpw': 'c71-sun-fish-garlic'}{'uri': 'neo4j+s://24381f8c.databases.neo4j.io', 'user': 'neo4j', 'pw': 'NYORwfF4GrT-BUdAv7-a3_GV453xtikVsvt-wfs4fOY', 'newpw': '243-truck-house-newspaper'}{'uri': 'neo4j+s://4d97c94b.databases.neo4j.io', 'user': 'neo4j', 'pw': '99kJStP4FyUTn8HGgHxtYFGYydoKj7NamCtJveb2nBQ', 'newpw': '4d9-flower-sand-dining'}{'uri': 'neo4j+s://be75dae8.databases.neo4j.io', 'user': 'neo4j', 'pw': 'IgvNpzgCuw6uxfo9mvcWLme3wIu7csYFqpuXryv-_pQ', 'newpw': 'be7-cucumber-bark-sand'}{'uri': 'neo4j+s://21be0f0f.databases.neo4j.io', 'user': 'neo4j', 'pw': 'JCkEb8L0xPlLip2PUzDrpmcMeJYVbRn8QZ_kmJaUeKg', 'newpw': '21b-watermelon-sand-moon'}{'uri': 'neo4j+s://d79d472e.databases.neo4j.io', 'user': 'neo4j', 'pw': 'idiIULHbXizRPOXk8G7RVQfJje-e45qkHO2ZG5QOA4Y', 'newpw': 'd79-plane-apartment-bird'}{'uri': 'neo4j+s://21316252.databases.neo4j.io', 'user': 'neo4j', 'pw': '8Iqq19usns-1ZnmxdW7sUGPq26Q7PWAjt-ovoU_OFUI', 'newpw': '213-kiwi-snow'}{'uri': 'neo4j+s://3c5afae5.databases.neo4j.io', 'user': 'neo4j', 'pw': '8mOOv5FATQrVESVVQJvJoUVwsaw3nUu6LwcvUruPAUs', 'newpw': '3c5-tomato-wind'}{'uri': 'neo4j+s://3310b7a2.databases.neo4j.io', 'user': 'neo4j', 'pw': 'XrLKn0_gqhhGj-37CTDbmJcCdM5ldBGKI0N5-RQcUa0', 'newpw': '331-hill-magazine-wind'}{'uri': 'neo4j+s://8acb28d1.databases.neo4j.io', 'user': 'neo4j', 'pw': 'QpfxZMLJesllqxItelg77KwVo6w0oipbXtyf9qXIL6E', 'newpw': '8ac-sand-grape'}{'uri': 'neo4j+s://08a191a6.databases.neo4j.io', 'user': 'neo4j', 'pw': 'b36nUC0F7-C5UeyCFw3p5ESxzuVNjcz4Xt9A_0dNyfw', 'newpw': '08a-mango-grass'}{'uri': 'neo4j+s://0bca3a93.databases.neo4j.io', 'user': 'neo4j', 'pw': 'z85aD9oygbwi4qFHPkaWHMRplsmW8DM87bPmCBex_gU', 'newpw': '0bc-kiwi-novel-dog'}{'uri': 'neo4j+s://aa63261a.databases.neo4j.io', 'user': 'neo4j', 'pw': 'HJ83m27KuurB4oHM3sP8he_D_udhtRp_dRQ2yynxa5o', 'newpw': 'aa6-sandstone-kiwi'}{'uri': 'neo4j+s://c7d6d7a4.databases.neo4j.io', 'user': 'neo4j', 'pw': 'tkTgGS4OQoad0F7R9xvujdu2Tdy_KTl812fQJOxcj3g', 'newpw': 'c7d-apartment-snake'}{'uri': 'neo4j+s://93090dbd.databases.neo4j.io', 'user': 'neo4j', 'pw': 'VP5r0dny4n-mZTplgvKKt6wZkF6DGZR1EHMX_5VjMgU', 'newpw': '930-plane-rock-sandstone'}{'uri': 'neo4j+s://9c3de796.databases.neo4j.io', 'user': 'neo4j', 'pw': 'Ve5d61IIIlM3BAgwABcfY6vmMBkjhwHFcu3jkrMx7_8', 'newpw': '9c3-flower-bus-train'}{'uri': 'neo4j+s://712e76b5.databases.neo4j.io', 'user': 'neo4j', 'pw': 'mDyA3YiydMLFC8BjB0FL1lQNxYwMpc1-52DNtV9b2Ts', 'newpw': '712-garlic-dog-banana'}{'uri': 'neo4j+s://53a77f20.databases.neo4j.io', 'user': 'neo4j', 'pw': 'POvgaW8wWURJo2k7t-hF6B4DX9UJ1l08cSHSYV1cKq4', 'newpw': '53a-house-diary'}{'uri': 'neo4j+s://949a12d5.databases.neo4j.io', 'user': 'neo4j', 'pw': 'lDSGVfhB02F2qvLpiVtwJr64qwN-qRJnAPp6-CuzFXA', 'newpw': '949-truck-garlic'}{'uri': 'neo4j+s://c6d7d788.databases.neo4j.io', 'user': 'neo4j', 'pw': 'HPRAqxPTnbVyiDqlof8X1I9SBLX23xg2BFgX_yA7HuQ', 'newpw': 'c6d-cloud-leaf-magazine'}{'uri': 'neo4j+s://fdf6d7b7.databases.neo4j.io', 'user': 'neo4j', 'pw': 'W5e7eiAEqOPwSxuLeZxVFwhSlKuM8469KU7qb1gEVSw', 'newpw': 'fdf-hill-root-pasta'}{'uri': 'neo4j+s://2d64d7d9.databases.neo4j.io', 'user': 'neo4j', 'pw': 'i0T0lDH2F46X5KlIrT7UqaGXQZKiLXleDVxR8f7VRjE', 'newpw': '2d6-carrot-magazine-grape'}{'uri': 'neo4j+s://25dc524c.databases.neo4j.io', 'user': 'neo4j', 'pw': 'sZH-XYOMXHz0aERWBDllVGVUEWt6Mq-a8ygCY2EVZuY', 'newpw': '25d-hamster-stone'}{'uri': 'neo4j+s://dd374ed9.databases.neo4j.io', 'user': 'neo4j', 'pw': 'yhWTrw0k7NsMih3zt2wP5_smJDpQkNUPyVpxmy1f0ZE', 'newpw': 'dd3-flower-fish-essay'}{'uri': 'neo4j+s://380e779d.databases.neo4j.io', 'user': 'neo4j', 'pw': '_aJGZJP6WfRnOANjIgGknpBTY2ip7cVs34XbLQzBJzE', 'newpw': '380-grape-train-apple'}{'uri': 'neo4j+s://2eedc01c.databases.neo4j.io', 'user': 'neo4j', 'pw': '7YkIx0X7dXUgWqtiukIBysc-QVNVCP10US_K7FNnUCQ', 'newpw': '2ee-ocean-spinach-motorcycle'}{'uri': 'neo4j+s://07979445.databases.neo4j.io', 'user': 'neo4j', 'pw': 'O_9XuI-ZSC4TUq53GKkQFPu8RvKebHwDtp8ob0xV6Z0', 'newpw': '079-notebook-dog-car'}{'uri': 'neo4j+s://3f166cb5.databases.neo4j.io', 'user': 'neo4j', 'pw': 'jbC9eGHKqBLkhwynOAeDDOlBxWYoGWrpz3orGR3a_os', 'newpw': '3f1-bathroom-cucumber-thunder'}{'uri': 'neo4j+s://bc6ee5c2.databases.neo4j.io', 'user': 'neo4j', 'pw': 'SK6pwzcC0Yl99uRsgaffqdC7Qi5wKpdaWH8fVsLYWrE', 'newpw': 'bc6-car-cucumber'}{'uri': 'neo4j+s://0c10aaca.databases.neo4j.io', 'user': 'neo4j', 'pw': 'RpZkeGO1R04Lcrjf1RSk4t_XObwrxgJxRca7uqP5w6o', 'newpw': '0c1-mushroom-snake'}{'uri': 'neo4j+s://e17ba2a1.databases.neo4j.io', 'user': 'neo4j', 'pw': '5_0qSkFqyyiCQiMk3KfrQfTyStvCq5EzGhFi6amoesI', 'newpw': 'e17-spinach-story'}{'uri': 'neo4j+s://f1205df8.databases.neo4j.io', 'user': 'neo4j', 'pw': 'wWtYNQyX4jW1vEDwQ75GVT8j3zegR1LdCyjy6TALjGk', 'newpw': 'f12-bathroom-rabbit'}{'uri': 'neo4j+s://57de96f3.databases.neo4j.io', 'user': 'neo4j', 'pw': 'Fzqt-Ic0DFungxkrdDv4oS7pMaaCWcaAna3ccB7QQds', 'newpw': '57d-train-rock'}{'uri': 'neo4j+s://bc02a967.databases.neo4j.io', 'user': 'neo4j', 'pw': '3bwUTgeePdvv_jlNFc1ppu6jXTfS-Ul38qi5TjjHMbs', 'newpw': 'bc0-pineapple-ocean'}{'uri': 'neo4j+s://690cd712.databases.neo4j.io', 'user': 'neo4j', 'pw': 'uBA2_2lQB2-VSTVVthYqLHqOs8wQlyjtBAJVJLzM7fo', 'newpw': '690-orange-onion'}{'uri': 'neo4j+s://b11425d9.databases.neo4j.io', 'user': 'neo4j', 'pw': 'zqZyxI2ZRY3zq4O3t53agXX5prUebDOewpxHmiIMYKI', 'newpw': 'b11-branch-onion'}{'uri': 'neo4j+s://ec6f5048.databases.neo4j.io', 'user': 'neo4j', 'pw': 'IwfifwdjjcGMW5RYE8hb_lciD7FW3q9fBBA2it7cFJU', 'newpw': 'ec6-bicycle-hamster'}{'uri': 'neo4j+s://871ecc75.databases.neo4j.io', 'user': 'neo4j', 'pw': 'hV096yO0Hc9UM4FkvR6MpR-z8vsM12gnWfrtRbMouLg', 'newpw': '871-carrot-orange'}{'uri': 'neo4j+s://126848dd.databases.neo4j.io', 'user': 'neo4j', 'pw': 'bMLuySbrFqu6D1ISiGMrBG9ufcmJxuOgcOrr_3mLwcs', 'newpw': '126-dog-plane'}{'uri': 'neo4j+s://715ed1a5.databases.neo4j.io', 'user': 'neo4j', 'pw': 'g9fNQIjCCOJzoYUaIqeKEmO0DX4KRKUd1bJnN9DZhu8', 'newpw': '715-fish-boat'}{'uri': 'neo4j+s://c713aeac.databases.neo4j.io', 'user': 'neo4j', 'pw': 'wtVR49cJdC3LMnuD0Pjq5lL-dmlh-a3AZou3aKbJU0M', 'newpw': 'c71-lettuce-notebook'}{'uri': 'neo4j+s://24381f8c.databases.neo4j.io', 'user': 'neo4j', 'pw': 'NYORwfF4GrT-BUdAv7-a3_GV453xtikVsvt-wfs4fOY', 'newpw': '243-canyon-notebook'}{'uri': 'neo4j+s://4d97c94b.databases.neo4j.io', 'user': 'neo4j', 'pw': '99kJStP4FyUTn8HGgHxtYFGYydoKj7NamCtJveb2nBQ', 'newpw': '4d9-blueberry-bus'}{'uri': 'neo4j+s://be75dae8.databases.neo4j.io', 'user': 'neo4j', 'pw': 'IgvNpzgCuw6uxfo9mvcWLme3wIu7csYFqpuXryv-_pQ', 'newpw': 'be7-diary-dining'}{'uri': 'neo4j+s://21be0f0f.databases.neo4j.io', 'user': 'neo4j', 'pw': 'JCkEb8L0xPlLip2PUzDrpmcMeJYVbRn8QZ_kmJaUeKg', 'newpw': '21b-kiwi-parlor'}{'uri': 'neo4j+s://d79d472e.databases.neo4j.io', 'user': 'neo4j', 'pw': 'idiIULHbXizRPOXk8G7RVQfJje-e45qkHO2ZG5QOA4Y', 'newpw': 'd79-twig-poem'}{'uri': 'neo4j+s://21316252.databases.neo4j.io', 'user': 'neo4j', 'pw': '8Iqq19usns-1ZnmxdW7sUGPq26Q7PWAjt-ovoU_OFUI', 'newpw': '213-pepper-sky'}{'uri': 'neo4j+s://3c5afae5.databases.neo4j.io', 'user': 'neo4j', 'pw': '8mOOv5FATQrVESVVQJvJoUVwsaw3nUu6LwcvUruPAUs', 'newpw': '3c5-kiwi-pond'}{'uri': 'neo4j+s://3310b7a2.databases.neo4j.io', 'user': 'neo4j', 'pw': 'XrLKn0_gqhhGj-37CTDbmJcCdM5ldBGKI0N5-RQcUa0', 'newpw': '331-notebook-root'}{'uri': 'neo4j+s://8acb28d1.databases.neo4j.io', 'user': 'neo4j', 'pw': 'QpfxZMLJesllqxItelg77KwVo6w0oipbXtyf9qXIL6E', 'newpw': '8ac-sand-cucumber'}{'uri': 'neo4j+s://08a191a6.databases.neo4j.io', 'user': 'neo4j', 'pw': 'b36nUC0F7-C5UeyCFw3p5ESxzuVNjcz4Xt9A_0dNyfw', 'newpw': '08a-stream-thunder'}{'uri': 'neo4j+s://0bca3a93.databases.neo4j.io', 'user': 'neo4j', 'pw': 'z85aD9oygbwi4qFHPkaWHMRplsmW8DM87bPmCBex_gU', 'newpw': '0bc-boat-ocean'}{'uri': 'neo4j+s://aa63261a.databases.neo4j.io', 'user': 'neo4j', 'pw': 'HJ83m27KuurB4oHM3sP8he_D_udhtRp_dRQ2yynxa5o', 'newpw': 'aa6-onion-train'}{'uri': 'neo4j+s://c7d6d7a4.databases.neo4j.io', 'user': 'neo4j', 'pw': 'tkTgGS4OQoad0F7R9xvujdu2Tdy_KTl812fQJOxcj3g', 'newpw': 'c7d-garage-pasta'}{'uri': 'neo4j+s://93090dbd.databases.neo4j.io', 'user': 'neo4j', 'pw': 'VP5r0dny4n-mZTplgvKKt6wZkF6DGZR1EHMX_5VjMgU', 'newpw': '930-notebook-mud'}{'uri': 'neo4j+s://9c3de796.databases.neo4j.io', 'user': 'neo4j', 'pw': 'Ve5d61IIIlM3BAgwABcfY6vmMBkjhwHFcu3jkrMx7_8', 'newpw': '9c3-room-grape'}{'uri': 'neo4j+s://712e76b5.databases.neo4j.io', 'user': 'neo4j', 'pw': 'mDyA3YiydMLFC8BjB0FL1lQNxYwMpc1-52DNtV9b2Ts', 'newpw': '712-stream-stone'}{'uri': 'neo4j+s://53a77f20.databases.neo4j.io', 'user': 'neo4j', 'pw': 'POvgaW8wWURJo2k7t-hF6B4DX9UJ1l08cSHSYV1cKq4', 'newpw': '53a-branch-train'}{'uri': 'neo4j+s://949a12d5.databases.neo4j.io', 'user': 'neo4j', 'pw': 'lDSGVfhB02F2qvLpiVtwJr64qwN-qRJnAPp6-CuzFXA', 'newpw': '949-notebook-twig'}{'uri': 'neo4j+s://c6d7d788.databases.neo4j.io', 'user': 'neo4j', 'pw': 'HPRAqxPTnbVyiDqlof8X1I9SBLX23xg2BFgX_yA7HuQ', 'newpw': 'c6d-stone-snake'}{'uri': 'neo4j+s://fdf6d7b7.databases.neo4j.io', 'user': 'neo4j', 'pw': 'W5e7eiAEqOPwSxuLeZxVFwhSlKuM8469KU7qb1gEVSw', 'newpw': 'fdf-pineapple-ocean'}{'uri': 'neo4j+s://2d64d7d9.databases.neo4j.io', 'user': 'neo4j', 'pw': 'i0T0lDH2F46X5KlIrT7UqaGXQZKiLXleDVxR8f7VRjE', 'newpw': '2d6-spinach-lake'}{'uri': 'neo4j+s://25dc524c.databases.neo4j.io', 'user': 'neo4j', 'pw': 'sZH-XYOMXHz0aERWBDllVGVUEWt6Mq-a8ygCY2EVZuY', 'newpw': '25d-tomato-mud'}{'uri': 'neo4j+s://dd374ed9.databases.neo4j.io', 'user': 'neo4j', 'pw': 'yhWTrw0k7NsMih3zt2wP5_smJDpQkNUPyVpxmy1f0ZE', 'newpw': 'dd3-lettuce-truck'}{'uri': 'neo4j+s://380e779d.databases.neo4j.io', 'user': 'neo4j', 'pw': '_aJGZJP6WfRnOANjIgGknpBTY2ip7cVs34XbLQzBJzE', 'newpw': '380-sea-thunder'}{'uri': 'neo4j+s://2eedc01c.databases.neo4j.io', 'user': 'neo4j', 'pw': '7YkIx0X7dXUgWqtiukIBysc-QVNVCP10US_K7FNnUCQ', 'newpw': '2ee-building-mango'}{'uri': 'neo4j+s://07979445.databases.neo4j.io', 'user': 'neo4j', 'pw': 'O_9XuI-ZSC4TUq53GKkQFPu8RvKebHwDtp8ob0xV6Z0', 'newpw': '079-cloud-orange'}{'uri': 'neo4j+s://3f166cb5.databases.neo4j.io', 'user': 'neo4j', 'pw': 'jbC9eGHKqBLkhwynOAeDDOlBxWYoGWrpz3orGR3a_os', 'newpw': '3f1-hill-storm'}{'uri': 'neo4j+s://bc6ee5c2.databases.neo4j.io', 'user': 'neo4j', 'pw': 'SK6pwzcC0Yl99uRsgaffqdC7Qi5wKpdaWH8fVsLYWrE', 'newpw': 'bc6e-root-rock'}{'uri': 'neo4j+s://0c10aaca.databases.neo4j.io', 'user': 'neo4j', 'pw': 'RpZkeGO1R04Lcrjf1RSk4t_XObwrxgJxRca7uqP5w6o', 'newpw': '0c10-root-train'}{'uri': 'neo4j+s://e17ba2a1.databases.neo4j.io', 'user': 'neo4j', 'pw': '5_0qSkFqyyiCQiMk3KfrQfTyStvCq5EzGhFi6amoesI', 'newpw': 'e17b-cat-mango'}{'uri': 'neo4j+s://f1205df8.databases.neo4j.io', 'user': 'neo4j', 'pw': 'wWtYNQyX4jW1vEDwQ75GVT8j3zegR1LdCyjy6TALjGk', 'newpw': 'f120-lettuce-pepper'}{'uri': 'neo4j+s://57de96f3.databases.neo4j.io', 'user': 'neo4j', 'pw': 'Fzqt-Ic0DFungxkrdDv4oS7pMaaCWcaAna3ccB7QQds', 'newpw': '57de-dirt-notebook'}{'uri': 'neo4j+s://bc02a967.databases.neo4j.io', 'user': 'neo4j', 'pw': '3bwUTgeePdvv_jlNFc1ppu6jXTfS-Ul38qi5TjjHMbs', 'newpw': 'bc02-orange-leaf'}{'uri': 'neo4j+s://690cd712.databases.neo4j.io', 'user': 'neo4j', 'pw': 'uBA2_2lQB2-VSTVVthYqLHqOs8wQlyjtBAJVJLzM7fo', 'newpw': '690c-mountain-stream'}{'uri': 'neo4j+s://b11425d9.databases.neo4j.io', 'user': 'neo4j', 'pw': 'zqZyxI2ZRY3zq4O3t53agXX5prUebDOewpxHmiIMYKI', 'newpw': 'b114-boat-potato'}{'uri': 'neo4j+s://ec6f5048.databases.neo4j.io', 'user': 'neo4j', 'pw': 'IwfifwdjjcGMW5RYE8hb_lciD7FW3q9fBBA2it7cFJU', 'newpw': 'ec6f-snow-clay'}{'uri': 'neo4j+s://871ecc75.databases.neo4j.io', 'user': 'neo4j', 'pw': 'hV096yO0Hc9UM4FkvR6MpR-z8vsM12gnWfrtRbMouLg', 'newpw': '871e-garlic-moon'}{'uri': 'neo4j+s://126848dd.databases.neo4j.io', 'user': 'neo4j', 'pw': 'bMLuySbrFqu6D1ISiGMrBG9ufcmJxuOgcOrr_3mLwcs', 'newpw': '1268-twig-sandstone'}{'uri': 'neo4j+s://715ed1a5.databases.neo4j.io', 'user': 'neo4j', 'pw': 'g9fNQIjCCOJzoYUaIqeKEmO0DX4KRKUd1bJnN9DZhu8', 'newpw': '715e-branch-journal'}{'uri': 'neo4j+s://c713aeac.databases.neo4j.io', 'user': 'neo4j', 'pw': 'wtVR49cJdC3LMnuD0Pjq5lL-dmlh-a3AZou3aKbJU0M', 'newpw': 'c713-kiwi-pasta'}{'uri': 'neo4j+s://24381f8c.databases.neo4j.io', 'user': 'neo4j', 'pw': 'NYORwfF4GrT-BUdAv7-a3_GV453xtikVsvt-wfs4fOY', 'newpw': '2438-fish-apartment'}{'uri': 'neo4j+s://4d97c94b.databases.neo4j.io', 'user': 'neo4j', 'pw': '99kJStP4FyUTn8HGgHxtYFGYydoKj7NamCtJveb2nBQ', 'newpw': '4d97-newspaper-rain'}{'uri': 'neo4j+s://be75dae8.databases.neo4j.io', 'user': 'neo4j', 'pw': 'IgvNpzgCuw6uxfo9mvcWLme3wIu7csYFqpuXryv-_pQ', 'newpw': 'be75-lettuce-helicopter'}{'uri': 'neo4j+s://21be0f0f.databases.neo4j.io', 'user': 'neo4j', 'pw': 'JCkEb8L0xPlLip2PUzDrpmcMeJYVbRn8QZ_kmJaUeKg', 'newpw': '21be-sea-thunder'}{'uri': 'neo4j+s://d79d472e.databases.neo4j.io', 'user': 'neo4j', 'pw': 'idiIULHbXizRPOXk8G7RVQfJje-e45qkHO2ZG5QOA4Y', 'newpw': 'd79d-poem-banana'}{'uri': 'neo4j+s://21316252.databases.neo4j.io', 'user': 'neo4j', 'pw': '8Iqq19usns-1ZnmxdW7sUGPq26Q7PWAjt-ovoU_OFUI', 'newpw': '2131-mountain-cloud'}{'uri': 'neo4j+s://3c5afae5.databases.neo4j.io', 'user': 'neo4j', 'pw': '8mOOv5FATQrVESVVQJvJoUVwsaw3nUu6LwcvUruPAUs', 'newpw': '3c5a-river-train'}{'uri': 'neo4j+s://3310b7a2.databases.neo4j.io', 'user': 'neo4j', 'pw': 'XrLKn0_gqhhGj-37CTDbmJcCdM5ldBGKI0N5-RQcUa0', 'newpw': '3310-car-book'}{'uri': 'neo4j+s://8acb28d1.databases.neo4j.io', 'user': 'neo4j', 'pw': 'QpfxZMLJesllqxItelg77KwVo6w0oipbXtyf9qXIL6E', 'newpw': '8acb-room-dirt'}{'uri': 'neo4j+s://08a191a6.databases.neo4j.io', 'user': 'neo4j', 'pw': 'b36nUC0F7-C5UeyCFw3p5ESxzuVNjcz4Xt9A_0dNyfw', 'newpw': '08a1-grass-snake'}{'uri': 'neo4j+s://0bca3a93.databases.neo4j.io', 'user': 'neo4j', 'pw': 'z85aD9oygbwi4qFHPkaWHMRplsmW8DM87bPmCBex_gU', 'newpw': '0bca-tree-apple'}{'uri': 'neo4j+s://aa63261a.databases.neo4j.io', 'user': 'neo4j', 'pw': 'HJ83m27KuurB4oHM3sP8he_D_udhtRp_dRQ2yynxa5o', 'newpw': 'aa63-magazine-kiwi'}{'uri': 'neo4j+s://c7d6d7a4.databases.neo4j.io', 'user': 'neo4j', 'pw': 'tkTgGS4OQoad0F7R9xvujdu2Tdy_KTl812fQJOxcj3g', 'newpw': 'c7d6-boat-thunder'}{'uri': 'neo4j+s://93090dbd.databases.neo4j.io', 'user': 'neo4j', 'pw': 'VP5r0dny4n-mZTplgvKKt6wZkF6DGZR1EHMX_5VjMgU', 'newpw': '9309-bathroom-poem'}{'uri': 'neo4j+s://9c3de796.databases.neo4j.io', 'user': 'neo4j', 'pw': 'Ve5d61IIIlM3BAgwABcfY6vmMBkjhwHFcu3jkrMx7_8', 'newpw': '9c3d-flower-pond'}{'uri': 'neo4j+s://712e76b5.databases.neo4j.io', 'user': 'neo4j', 'pw': 'mDyA3YiydMLFC8BjB0FL1lQNxYwMpc1-52DNtV9b2Ts', 'newpw': '712e-dirt-river'}{'uri': 'neo4j+s://53a77f20.databases.neo4j.io', 'user': 'neo4j', 'pw': 'POvgaW8wWURJo2k7t-hF6B4DX9UJ1l08cSHSYV1cKq4', 'newpw': '53a7-hill-valley'}{'uri': 'neo4j+s://949a12d5.databases.neo4j.io', 'user': 'neo4j', 'pw': 'lDSGVfhB02F2qvLpiVtwJr64qwN-qRJnAPp6-CuzFXA', 'newpw': '949a-mud-mountain'}{'uri': 'neo4j+s://c6d7d788.databases.neo4j.io', 'user': 'neo4j', 'pw': 'HPRAqxPTnbVyiDqlof8X1I9SBLX23xg2BFgX_yA7HuQ', 'newpw': 'c6d7-spinach-mushroom'}{'uri': 'neo4j+s://fdf6d7b7.databases.neo4j.io', 'user': 'neo4j', 'pw': 'W5e7eiAEqOPwSxuLeZxVFwhSlKuM8469KU7qb1gEVSw', 'newpw': 'fdf6-turtle-dog'}{'uri': 'neo4j+s://2d64d7d9.databases.neo4j.io', 'user': 'neo4j', 'pw': 'i0T0lDH2F46X5KlIrT7UqaGXQZKiLXleDVxR8f7VRjE', 'newpw': '2d64-dirt-rabbit'}{'uri': 'neo4j+s://25dc524c.databases.neo4j.io', 'user': 'neo4j', 'pw': 'sZH-XYOMXHz0aERWBDllVGVUEWt6Mq-a8ygCY2EVZuY', 'newpw': '25dc-grass-stone'}{'uri': 'neo4j+s://dd374ed9.databases.neo4j.io', 'user': 'neo4j', 'pw': 'yhWTrw0k7NsMih3zt2wP5_smJDpQkNUPyVpxmy1f0ZE', 'newpw': 'dd37-strawberry-lake'}{'uri': 'neo4j+s://380e779d.databases.neo4j.io', 'user': 'neo4j', 'pw': '_aJGZJP6WfRnOANjIgGknpBTY2ip7cVs34XbLQzBJzE', 'newpw': '380e-pineapple-hamster'}{'uri': 'neo4j+s://2eedc01c.databases.neo4j.io', 'user': 'neo4j', 'pw': '7YkIx0X7dXUgWqtiukIBysc-QVNVCP10US_K7FNnUCQ', 'newpw': '2eed-parlor-turtle'}{'uri': 'neo4j+s://07979445.databases.neo4j.io', 'user': 'neo4j', 'pw': 'O_9XuI-ZSC4TUq53GKkQFPu8RvKebHwDtp8ob0xV6Z0', 'newpw': '0797-garlic-hamster'}{'uri': 'neo4j+s://3f166cb5.databases.neo4j.io', 'user': 'neo4j', 'pw': 'jbC9eGHKqBLkhwynOAeDDOlBxWYoGWrpz3orGR3a_os', 'newpw': '3f16-thunder-bedroom'}{'uri': 'neo4j+s://bc6ee5c2.databases.neo4j.io', 'user': 'neo4j', 'pw': 'SK6pwzcC0Yl99uRsgaffqdC7Qi5wKpdaWH8fVsLYWrE', 'newpw': 'bc6e-orange-snow'}{'uri': 'neo4j+s://0c10aaca.databases.neo4j.io', 'user': 'neo4j', 'pw': 'RpZkeGO1R04Lcrjf1RSk4t_XObwrxgJxRca7uqP5w6o', 'newpw': '0c10-cat-flower'}{'uri': 'neo4j+s://e17ba2a1.databases.neo4j.io', 'user': 'neo4j', 'pw': '5_0qSkFqyyiCQiMk3KfrQfTyStvCq5EzGhFi6amoesI', 'newpw': 'e17b-essay-potato'}{'uri': 'neo4j+s://f1205df8.databases.neo4j.io', 'user': 'neo4j', 'pw': 'wWtYNQyX4jW1vEDwQ75GVT8j3zegR1LdCyjy6TALjGk', 'newpw': 'f120-moon-pineapple'}{'uri': 'neo4j+s://57de96f3.databases.neo4j.io', 'user': 'neo4j', 'pw': 'Fzqt-Ic0DFungxkrdDv4oS7pMaaCWcaAna3ccB7QQds', 'newpw': '57de-notebook-branch'}{'uri': 'neo4j+s://bc02a967.databases.neo4j.io', 'user': 'neo4j', 'pw': '3bwUTgeePdvv_jlNFc1ppu6jXTfS-Ul38qi5TjjHMbs', 'newpw': 'bc02-dog-poem'}{'uri': 'neo4j+s://690cd712.databases.neo4j.io', 'user': 'neo4j', 'pw': 'uBA2_2lQB2-VSTVVthYqLHqOs8wQlyjtBAJVJLzM7fo', 'newpw': '690c-bicycle-plane'}{'uri': 'neo4j+s://b11425d9.databases.neo4j.io', 'user': 'neo4j', 'pw': 'zqZyxI2ZRY3zq4O3t53agXX5prUebDOewpxHmiIMYKI', 'newpw': 'b114-dining-book'}{'uri': 'neo4j+s://ec6f5048.databases.neo4j.io', 'user': 'neo4j', 'pw': 'IwfifwdjjcGMW5RYE8hb_lciD7FW3q9fBBA2it7cFJU', 'newpw': 'ec6f-moon-storm'}{'uri': 'neo4j+s://871ecc75.databases.neo4j.io', 'user': 'neo4j', 'pw': 'hV096yO0Hc9UM4FkvR6MpR-z8vsM12gnWfrtRbMouLg', 'newpw': '871e-lake-tree'}{'uri': 'neo4j+s://126848dd.databases.neo4j.io', 'user': 'neo4j', 'pw': 'bMLuySbrFqu6D1ISiGMrBG9ufcmJxuOgcOrr_3mLwcs', 'newpw': '1268-pond-root'}{'uri': 'neo4j+s://715ed1a5.databases.neo4j.io', 'user': 'neo4j', 'pw': 'g9fNQIjCCOJzoYUaIqeKEmO0DX4KRKUd1bJnN9DZhu8', 'newpw': '715e-room-silt'}{'uri': 'neo4j+s://c713aeac.databases.neo4j.io', 'user': 'neo4j', 'pw': 'wtVR49cJdC3LMnuD0Pjq5lL-dmlh-a3AZou3aKbJU0M', 'newpw': 'c713-novel-mango'}{'uri': 'neo4j+s://24381f8c.databases.neo4j.io', 'user': 'neo4j', 'pw': 'NYORwfF4GrT-BUdAv7-a3_GV453xtikVsvt-wfs4fOY', 'newpw': '2438-pasta-canyon'}{'uri': 'neo4j+s://4d97c94b.databases.neo4j.io', 'user': 'neo4j', 'pw': '99kJStP4FyUTn8HGgHxtYFGYydoKj7NamCtJveb2nBQ', 'newpw': '4d97-snake-bird'}{'uri': 'neo4j+s://be75dae8.databases.neo4j.io', 'user': 'neo4j', 'pw': 'IgvNpzgCuw6uxfo9mvcWLme3wIu7csYFqpuXryv-_pQ', 'newpw': 'be75-root-stream'}{'uri': 'neo4j+s://21be0f0f.databases.neo4j.io', 'user': 'neo4j', 'pw': 'JCkEb8L0xPlLip2PUzDrpmcMeJYVbRn8QZ_kmJaUeKg', 'newpw': '21be-stream-tree'}{'uri': 'neo4j+s://d79d472e.databases.neo4j.io', 'user': 'neo4j', 'pw': 'idiIULHbXizRPOXk8G7RVQfJje-e45qkHO2ZG5QOA4Y', 'newpw': 'd79d-orange-clay'}{'uri': 'neo4j+s://21316252.databases.neo4j.io', 'user': 'neo4j', 'pw': '8Iqq19usns-1ZnmxdW7sUGPq26Q7PWAjt-ovoU_OFUI', 'newpw': '2131-notebook-grape'}{'uri': 'neo4j+s://3c5afae5.databases.neo4j.io', 'user': 'neo4j', 'pw': '8mOOv5FATQrVESVVQJvJoUVwsaw3nUu6LwcvUruPAUs', 'newpw': '3c5a-garage-blueberry'}{'uri': 'neo4j+s://3310b7a2.databases.neo4j.io', 'user': 'neo4j', 'pw': 'XrLKn0_gqhhGj-37CTDbmJcCdM5ldBGKI0N5-RQcUa0', 'newpw': '3310-sandstone-truck'}{'uri': 'neo4j+s://8acb28d1.databases.neo4j.io', 'user': 'neo4j', 'pw': 'QpfxZMLJesllqxItelg77KwVo6w0oipbXtyf9qXIL6E', 'newpw': '8acb-pepper-branch'}{'uri': 'neo4j+s://08a191a6.databases.neo4j.io', 'user': 'neo4j', 'pw': 'b36nUC0F7-C5UeyCFw3p5ESxzuVNjcz4Xt9A_0dNyfw', 'newpw': '08a1-blueberry-thunder'}{'uri': 'neo4j+s://0bca3a93.databases.neo4j.io', 'user': 'neo4j', 'pw': 'z85aD9oygbwi4qFHPkaWHMRplsmW8DM87bPmCBex_gU', 'newpw': '0bca-lake-novel'}{'uri': 'neo4j+s://aa63261a.databases.neo4j.io', 'user': 'neo4j', 'pw': 'HJ83m27KuurB4oHM3sP8he_D_udhtRp_dRQ2yynxa5o', 'newpw': 'aa63-wind-book'}{'uri': 'neo4j+s://c7d6d7a4.databases.neo4j.io', 'user': 'neo4j', 'pw': 'tkTgGS4OQoad0F7R9xvujdu2Tdy_KTl812fQJOxcj3g', 'newpw': 'c7d6-lizard-bark'}{'uri': 'neo4j+s://93090dbd.databases.neo4j.io', 'user': 'neo4j', 'pw': 'VP5r0dny4n-mZTplgvKKt6wZkF6DGZR1EHMX_5VjMgU', 'newpw': '9309-parlor-grass'}{'uri': 'neo4j+s://9c3de796.databases.neo4j.io', 'user': 'neo4j', 'pw': 'Ve5d61IIIlM3BAgwABcfY6vmMBkjhwHFcu3jkrMx7_8', 'newpw': '9c3d-bird-twig'}{'uri': 'neo4j+s://712e76b5.databases.neo4j.io', 'user': 'neo4j', 'pw': 'mDyA3YiydMLFC8BjB0FL1lQNxYwMpc1-52DNtV9b2Ts', 'newpw': '712e-notebook-journal'}{'uri': 'neo4j+s://53a77f20.databases.neo4j.io', 'user': 'neo4j', 'pw': 'POvgaW8wWURJo2k7t-hF6B4DX9UJ1l08cSHSYV1cKq4', 'newpw': '53a7-bedroom-bird'}{'uri': 'neo4j+s://949a12d5.databases.neo4j.io', 'user': 'neo4j', 'pw': 'lDSGVfhB02F2qvLpiVtwJr64qwN-qRJnAPp6-CuzFXA', 'newpw': '949a-flower-onion'}{'uri': 'neo4j+s://c6d7d788.databases.neo4j.io', 'user': 'neo4j', 'pw': 'HPRAqxPTnbVyiDqlof8X1I9SBLX23xg2BFgX_yA7HuQ', 'newpw': 'c6d7-rabbit-journal'}{'uri': 'neo4j+s://fdf6d7b7.databases.neo4j.io', 'user': 'neo4j', 'pw': 'W5e7eiAEqOPwSxuLeZxVFwhSlKuM8469KU7qb1gEVSw', 'newpw': 'fdf6-hedgehog-cucumber'}{'uri': 'neo4j+s://2d64d7d9.databases.neo4j.io', 'user': 'neo4j', 'pw': 'i0T0lDH2F46X5KlIrT7UqaGXQZKiLXleDVxR8f7VRjE', 'newpw': '2d64-lizard-bus'}{'uri': 'neo4j+s://25dc524c.databases.neo4j.io', 'user': 'neo4j', 'pw': 'sZH-XYOMXHz0aERWBDllVGVUEWt6Mq-a8ygCY2EVZuY', 'newpw': '25dc-cat-hedgehog'}{'uri': 'neo4j+s://dd374ed9.databases.neo4j.io', 'user': 'neo4j', 'pw': 'yhWTrw0k7NsMih3zt2wP5_smJDpQkNUPyVpxmy1f0ZE', 'newpw': 'dd37-tomato-stone'}{'uri': 'neo4j+s://380e779d.databases.neo4j.io', 'user': 'neo4j', 'pw': '_aJGZJP6WfRnOANjIgGknpBTY2ip7cVs34XbLQzBJzE', 'newpw': '380e-potato-mud'}{'uri': 'neo4j+s://2eedc01c.databases.neo4j.io', 'user': 'neo4j', 'pw': '7YkIx0X7dXUgWqtiukIBysc-QVNVCP10US_K7FNnUCQ', 'newpw': '2eed-motorcycle-cat'}{'uri': 'neo4j+s://07979445.databases.neo4j.io', 'user': 'neo4j', 'pw': 'O_9XuI-ZSC4TUq53GKkQFPu8RvKebHwDtp8ob0xV6Z0', 'newpw': '0797-stone-room'}{'uri': 'neo4j+s://3f166cb5.databases.neo4j.io', 'user': 'neo4j', 'pw': 'jbC9eGHKqBLkhwynOAeDDOlBxWYoGWrpz3orGR3a_os', 'newpw': '3f16-pepper-apple'}{'uri': 'neo4j+s://bc6ee5c2.databases.neo4j.io', 'user': 'neo4j', 'pw': 'SK6pwzcC0Yl99uRsgaffqdC7Qi5wKpdaWH8fVsLYWrE', 'newpw': 'bc6e-star-mango'}